exports[`test renders heart 1`] = `
<View
  style={
    Object {
      "alignItems": "center",
      "justifyContent": "flex-end",
    }
  }>
  <View
    accessibilityComponentType={undefined}
    accessibilityLabel={undefined}
    accessibilityTraits={undefined}
    accessible={true}
    hasTVPreferredFocus={undefined}
    hitSlop={undefined}
    isTVSelectable={true}
    onLayout={undefined}
    onResponderGrant={[Function]}
    onResponderMove={[Function]}
    onResponderRelease={[Function]}
    onResponderTerminate={[Function]}
    onResponderTerminationRequest={[Function]}
    onStartShouldSetResponder={[Function]}
    style={
      Array [
        Object {
          "backgroundColor": "transparent",
        },
        undefined,
      ]
    }
    testID={undefined}
    tvParallaxProperties={undefined}>
    <Text
      accessible={true}
      allowFontScaling={false}
      ellipsizeMode="tail"
      style={
        Array [
          Object {
            "color": undefined,
            "fontSize": 25,
          },
          Array [
            Object {
              "color": "red",
              "height": 25,
              "width": 25,
            },
          ],
          Object {
            "fontFamily": "FontAwesome",
            "fontStyle": "normal",
            "fontWeight": "normal",
          },
        ]
      }>
      ï€„
    </Text>
  </View>
</View>
`;
