exports[`test renders PropertyList Component 1`] = `
<View>
  <RCTScrollView>
    <View>
      <View
        style={
          Array [
            Object {
              "flex": 1,
            },
          ]
        }>
        <View
          accessibilityComponentType={undefined}
          accessibilityLabel={undefined}
          accessibilityTraits={undefined}
          accessible={true}
          hasTVPreferredFocus={undefined}
          hitSlop={undefined}
          isTVSelectable={true}
          onLayout={undefined}
          onResponderGrant={[Function]}
          onResponderMove={[Function]}
          onResponderRelease={[Function]}
          onResponderTerminate={[Function]}
          onResponderTerminationRequest={[Function]}
          onStartShouldSetResponder={[Function]}
          style={
            Array [
              Object {
                "backgroundColor": "transparent",
              },
              Object {
                "flex": 1,
              },
            ]
          }
          testID={undefined}
          tvParallaxProperties={undefined}>
          <Text
            accessible={true}
            allowFontScaling={true}
            ellipsizeMode="tail"
            style={
              Object {
                "color": "#2c2d30",
                "flex": 1,
                "fontWeight": "600",
                "margin": 10,
              }
            }>
            3 bedrooms apartment in Jabriya
          </Text>
        </View>
        <View
          style={
            Array [
              Object {
                "backgroundColor": "transparent",
                "position": "relative",
              },
              Object {
                "height": 180,
                "width": 750,
              },
            ]
          }>
          <RCTScrollView>
            <View>
              <View
                style={
                  Array [
                    Object {
                      "height": 180,
                      "width": 750,
                    },
                    Object {
                      "backgroundColor": "transparent",
                    },
                  ]
                }>
                <View
                  accessibilityComponentType={undefined}
                  accessibilityLabel={undefined}
                  accessibilityTraits={undefined}
                  accessible={true}
                  hitSlop={undefined}
                  onLayout={undefined}
                  onResponderGrant={[Function]}
                  onResponderMove={[Function]}
                  onResponderRelease={[Function]}
                  onResponderTerminate={[Function]}
                  onResponderTerminationRequest={[Function]}
                  onStartShouldSetResponder={[Function]}
                  style={
                    Object {
                      "backgroundColor": "transparent",
                      "flex": 1,
                      "justifyContent": "center",
                    }
                  }
                  testID={undefined}>
                  <Image
                    source={
                      Object {
                        "uri": "http://re.dev/uploads/fc462facaed429e87b3b99965e12d977.jpg",
                      }
                    }
                    style={
                      Object {
                        "flex": 1,
                        "height": 188,
                        "width": 750,
                      }
                    } />
                </View>
              </View>
            </View>
          </RCTScrollView>
        </View>
        <View
          style={
            Object {
              "alignItems": "center",
              "flex": 1,
              "flexDirection": "row",
              "padding": 10,
            }
          }>
          <View
            style={
              Object {
                "flex": 1,
              }
            }>
            <View
              style={
                Object {
                  "alignItems": "center",
                  "flexDirection": "row",
                  "paddingTop": 5,
                }
              }>
              <View
                style={
                  Object {
                    "flexDirection": "row",
                  }
                }>
                <View
                  style={
                    Object {
                      "alignItems": "center",
                      "flexDirection": "row",
                      "paddingLeft": 0,
                      "paddingRight": 10,
                    }
                  }>
                  <Text
                    accessible={true}
                    allowFontScaling={false}
                    ellipsizeMode="tail"
                    style={
                      Array [
                        Object {
                          "color": "#5d5f63",
                          "fontSize": 15,
                        },
                        undefined,
                        Object {
                          "fontFamily": "FontAwesome",
                          "fontStyle": "normal",
                          "fontWeight": "normal",
                        },
                      ]
                    }>
                    
                  </Text>
                  <Text
                    accessible={true}
                    allowFontScaling={true}
                    ellipsizeMode="tail"
                    style={
                      Object {
                        "color": "#000",
                        "fontSize": 13,
                        "marginHorizontal": 2,
                      }
                    }>
                    2
                  </Text>
                </View>
                <View
                  style={
                    Object {
                      "alignItems": "center",
                      "flexDirection": "row",
                      "paddingLeft": 0,
                      "paddingRight": 10,
                    }
                  }>
                  <Text
                    accessible={true}
                    allowFontScaling={false}
                    ellipsizeMode="tail"
                    style={
                      Array [
                        Object {
                          "color": "#5d5f63",
                          "fontSize": 15,
                        },
                        undefined,
                        Object {
                          "fontFamily": "FontAwesome",
                          "fontStyle": "normal",
                          "fontWeight": "normal",
                        },
                      ]
                    }>
                    
                  </Text>
                  <Text
                    accessible={true}
                    allowFontScaling={true}
                    ellipsizeMode="tail"
                    style={
                      Object {
                        "color": "#000",
                        "fontSize": 13,
                        "marginHorizontal": 2,
                      }
                    }>
                    1
                  </Text>
                </View>
                <View
                  style={
                    Object {
                      "alignItems": "center",
                      "flexDirection": "row",
                      "paddingLeft": 0,
                      "paddingRight": 10,
                    }
                  }>
                  <Text
                    accessible={true}
                    allowFontScaling={false}
                    ellipsizeMode="tail"
                    style={
                      Array [
                        Object {
                          "color": "#5d5f63",
                          "fontSize": 15,
                        },
                        undefined,
                        Object {
                          "fontFamily": "FontAwesome",
                          "fontStyle": "normal",
                          "fontWeight": "normal",
                        },
                      ]
                    }>
                    
                  </Text>
                  <Text
                    accessible={true}
                    allowFontScaling={true}
                    ellipsizeMode="tail"
                    style={
                      Object {
                        "color": "#000",
                        "fontSize": 13,
                        "marginHorizontal": 2,
                      }
                    }>
                    1
                  </Text>
                </View>
              </View>
            </View>
          </View>
          <View
            style={
              Object {
                "alignItems": "center",
                "flex": 1,
                "flexDirection": "row",
              }
            }>
            <View
              style={
                Object {
                  "marginLeft": 30,
                }
              }>
              <Text
                accessible={true}
                allowFontScaling={true}
                ellipsizeMode="tail"
                style={
                  Object {
                    "fontSize": 16,
                    "fontWeight": "600",
                  }
                }>
                200
                KD
              </Text>
            </View>
            <View
              style={
                Object {
                  "marginLeft": 20,
                }
              }>
              <View
                style={
                  Object {
                    "alignItems": "center",
                    "justifyContent": "flex-end",
                  }
                }>
                <View
                  accessibilityComponentType={undefined}
                  accessibilityLabel={undefined}
                  accessibilityTraits={undefined}
                  accessible={true}
                  hasTVPreferredFocus={undefined}
                  hitSlop={undefined}
                  isTVSelectable={true}
                  onLayout={undefined}
                  onResponderGrant={[Function]}
                  onResponderMove={[Function]}
                  onResponderRelease={[Function]}
                  onResponderTerminate={[Function]}
                  onResponderTerminationRequest={[Function]}
                  onStartShouldSetResponder={[Function]}
                  style={
                    Array [
                      Object {
                        "backgroundColor": "transparent",
                      },
                      undefined,
                    ]
                  }
                  testID={undefined}
                  tvParallaxProperties={undefined}>
                  <Text
                    accessible={true}
                    allowFontScaling={false}
                    ellipsizeMode="tail"
                    style={
                      Array [
                        Object {
                          "color": undefined,
                          "fontSize": 25,
                        },
                        Array [
                          Object {
                            "color": "red",
                            "height": 25,
                            "width": 25,
                          },
                        ],
                        Object {
                          "fontFamily": "FontAwesome",
                          "fontStyle": "normal",
                          "fontWeight": "normal",
                        },
                      ]
                    }>
                    
                  </Text>
                </View>
              </View>
            </View>
          </View>
        </View>
        <View
          style={
            Object {
              "backgroundColor": "#f0f0f0",
              "height": 0.5,
              "marginHorizontal": 10,
            }
          } />
      </View>
    </View>
  </RCTScrollView>
</View>
`;
