exports[`test renders App Component 1`] = `null`;
