exports[`test renders Root Component 1`] = `
<View
  style={
    Object {
      "bottom": 0,
      "left": 0,
      "position": "absolute",
      "right": 0,
      "top": 0,
    }
  }>
  <View
    onLayout={[Function]}
    style={
      Array [
        Object {
          "flex": 1,
        },
        Object {
          "flex": 1,
        },
      ]
    }>
    <View
      style={
        Object {
          "flex": 1,
        }
      }>
      <View
        style={
          Object {
            "flex": 1,
          }
        }>
        <View
          needsOffscreenAlphaCompositing={true}
          pointerEvents="auto"
          style={
            Object {
              "backgroundColor": "white",
              "bottom": 0,
              "left": 0,
              "opacity": 1,
              "position": "absolute",
              "right": 0,
              "shadowColor": "black",
              "shadowOffset": Object {
                "height": 0,
                "width": 0,
              },
              "shadowOpacity": 0.4,
              "shadowRadius": 10,
              "top": 0,
              "transform": Array [
                Object {
                  "translateX": 0,
                },
                Object {
                  "translateY": 0,
                },
              ],
            }
          }>
          <View
            style={
              Object {
                "flex": 1,
              }
            }>
            <View
              style={
                Object {
                  "flex": 1,
                  "marginTop": 0,
                }
              }>
              <View
                style={
                  Object {
                    "flex": 1,
                  }
                } />
            </View>
          </View>
        </View>
      </View>
      <View
        style={
          Array [
            Object {
              "left": 0,
              "position": "absolute",
              "right": 0,
            },
            Object {
              "top": 0,
            },
          ]
        }>
        <View />
      </View>
    </View>
  </View>
</View>
`;
