exports[`test renders null 1`] = `
<View
  style={
    Array [
      Object {
        "backgroundColor": "#E7E7E7",
        "flex": 1,
        "height": 0.6,
      },
      undefined,
    ]
  } />
`;
